// Jest Snapshot v1, https://goo.gl/fbAQLP

exports[`UsersSearchLayout component should match snapshot 1`] = `null`;
