// Jest Snapshot v1, https://goo.gl/fbAQLP

exports[`RepositoriesSearchLayout component should match snapshot 1`] = `null`;
