// Jest Snapshot v1, https://goo.gl/fbAQLP

exports[`ProfileLayout component should match snapshot 1`] = `
<FeatureConnector
  title="Edit profile"
>
  <div
    className="profile-layout"
  >
    <Component />
  </div>
</FeatureConnector>
`;
